/Users/aalyavora/Documents/workspace-spring-tool-suite-4-4.17.1.RELEASE/ChangeRequestForm/src/main/java/net/javaguides/springboot/ChangeRequestFormApplication.java
/Users/aalyavora/Documents/workspace-spring-tool-suite-4-4.17.1.RELEASE/ChangeRequestForm/src/main/java/net/javaguides/springboot/controller/CrfController.java
/Users/aalyavora/Documents/workspace-spring-tool-suite-4-4.17.1.RELEASE/ChangeRequestForm/src/main/java/net/javaguides/springboot/service/CrfService.java
/Users/aalyavora/Documents/workspace-spring-tool-suite-4-4.17.1.RELEASE/ChangeRequestForm/src/main/java/net/javaguides/springboot/model/Crf.java
/Users/aalyavora/Documents/workspace-spring-tool-suite-4-4.17.1.RELEASE/ChangeRequestForm/src/main/java/net/javaguides/springboot/repository/CrfRepository.java
/Users/aalyavora/Documents/workspace-spring-tool-suite-4-4.17.1.RELEASE/ChangeRequestForm/src/main/java/net/javaguides/springboot/service/impl/CrfServiceImpl.java
/Users/aalyavora/Documents/workspace-spring-tool-suite-4-4.17.1.RELEASE/ChangeRequestForm/src/main/java/net/javaguides/springboot/exception/ResourceNotFoundException.java
